before {'accuracy': 0.044921875, 'correct_probability': 0.09788074158132076}
{'step': 1, 'reward': 0.138671875, 'group_hit': 0.875, 'pg': 0.004423690028488636, 'kl': 0.0, 'kl_ema': 0.0, 'kl_beta': 0.09512294245007141, 'grad_norm': 0.623779296875}
{'step': 5, 'reward': 0.12890625, 'group_hit': 0.90625, 'pg': 0.004337700083851814, 'kl': 0.00029455742333084345, 'kl_ema': 7.927550218882971e-05, 'kl_beta': 0.07789823601894252, 'grad_norm': 0.7109777927398682}
{'step': 10, 'reward': 0.09375, 'group_hit': 0.71875, 'pg': 0.012539948336780071, 'kl': 0.001056753215380013, 'kl_ema': 0.000398612611342686, 'kl_beta': 0.060762054249044656, 'grad_norm': 0.6740147471427917}
{'step': 15, 'reward': 0.095703125, 'group_hit': 0.75, 'pg': -0.005532030016183853, 'kl': 0.002508387202396989, 'kl_ema': 0.0009705912199179987, 'kl_beta': 0.047524310648944745, 'grad_norm': 0.4609793722629547}
{'step': 20, 'reward': 0.09765625, 'group_hit': 0.78125, 'pg': 0.006400867365300655, 'kl': 0.0022065257653594017, 'kl_ema': 0.0020794319820740255, 'kl_beta': 0.03741956135952616, 'grad_norm': 0.42029017210006714}
{'step': 25, 'reward': 0.103515625, 'group_hit': 0.84375, 'pg': -0.013353408314287663, 'kl': 0.005093360785394907, 'kl_ema': 0.0035652217357468458, 'kl_beta': 0.02969968211574761, 'grad_norm': 0.5650379061698914}
{'step': 30, 'reward': 0.080078125, 'group_hit': 0.78125, 'pg': 0.006635362282395363, 'kl': 0.008282622322440147, 'kl_ema': 0.0052412939887363135, 'kl_beta': 0.02379021801131811, 'grad_norm': 0.5615020394325256}
{'step': 35, 'reward': 0.08203125, 'group_hit': 0.6875, 'pg': -0.012582136318087578, 'kl': 0.009996544569730759, 'kl_ema': 0.007341665983562206, 'kl_beta': 0.0192781991967882, 'grad_norm': 0.4026145040988922}
{'step': 40, 'reward': 0.107421875, 'group_hit': 0.78125, 'pg': -0.0032681652810424566, 'kl': 0.010823865421116352, 'kl_ema': 0.008433656502881429, 'kl_beta': 0.01577622122088085, 'grad_norm': 0.5618451833724976}
{'step': 45, 'reward': 0.083984375, 'group_hit': 0.6875, 'pg': -0.0006645899266004562, 'kl': 0.011537464335560799, 'kl_ema': 0.010735829372101574, 'kl_beta': 0.013065873788573377, 'grad_norm': 0.3857789635658264}
{'step': 50, 'reward': 0.103515625, 'group_hit': 0.8125, 'pg': -0.0030435286462306976, 'kl': 0.014053735882043839, 'kl_ema': 0.011903712554673011, 'kl_beta': 0.01093481196592115, 'grad_norm': 0.4276731312274933}
{'step': 55, 'reward': 0.115234375, 'group_hit': 0.71875, 'pg': -0.007024734281003475, 'kl': 0.014200418256223202, 'kl_ema': 0.013383368045708745, 'kl_beta': 0.009228404440058926, 'grad_norm': 0.6185678839683533}
{'step': 60, 'reward': 0.115234375, 'group_hit': 0.84375, 'pg': 0.002446157857775688, 'kl': 0.019155442714691162, 'kl_ema': 0.015002667499025457, 'kl_beta': 0.007855558288933185, 'grad_norm': 0.5780456066131592}
{'step': 65, 'reward': 0.119140625, 'group_hit': 0.71875, 'pg': -0.018195388838648796, 'kl': 0.01572217233479023, 'kl_ema': 0.016816515807561352, 'kl_beta': 0.006775102014516527, 'grad_norm': 0.5496359467506409}
{'step': 70, 'reward': 0.103515625, 'group_hit': 0.8125, 'pg': -0.003284134902060032, 'kl': 0.028465989977121353, 'kl_ema': 0.02079073572290205, 'kl_beta': 0.0059450115577091055, 'grad_norm': 0.42952200770378113}
{'step': 75, 'reward': 0.126953125, 'group_hit': 0.9375, 'pg': 0.006075446959584951, 'kl': 0.01907205581665039, 'kl_ema': 0.02098458188701059, 'kl_beta': 0.005280229893419859, 'grad_norm': 0.7028473019599915}
{'step': 80, 'reward': 0.10546875, 'group_hit': 0.71875, 'pg': 0.0024265823885798454, 'kl': 0.02243569865822792, 'kl_ema': 0.0236204625961302, 'kl_beta': 0.004766838989628306, 'grad_norm': 0.4818626046180725}
{'step': 85, 'reward': 0.09765625, 'group_hit': 0.75, 'pg': 0.0070927944034338, 'kl': 0.030102331191301346, 'kl_ema': 0.02470302752881178, 'kl_beta': 0.0043189588010498475, 'grad_norm': 0.5908526182174683}
{'step': 90, 'reward': 0.119140625, 'group_hit': 0.875, 'pg': -0.006758276838809252, 'kl': 0.028611671179533005, 'kl_ema': 0.029525368173675837, 'kl_beta': 0.004007640167312337, 'grad_norm': 0.5906984210014343}
{'step': 95, 'reward': 0.115234375, 'group_hit': 0.84375, 'pg': -0.004736497066915035, 'kl': 0.03862858936190605, 'kl_ema': 0.0317369377031788, 'kl_beta': 0.0037821961493893596, 'grad_norm': 0.5992578268051147}
{'step': 100, 'reward': 0.1171875, 'group_hit': 0.75, 'pg': 0.005580713041126728, 'kl': 0.032551974058151245, 'kl_ema': 0.03474154157784815, 'kl_beta': 0.003622787474494013, 'grad_norm': 0.5453018546104431}
{'step': 105, 'reward': 0.13671875, 'group_hit': 0.875, 'pg': -0.005262081976979971, 'kl': 0.04216950014233589, 'kl_ema': 0.037403233021653784, 'kl_beta': 0.003557913488040147, 'grad_norm': 0.649438202381134}
{'step': 110, 'reward': 0.08203125, 'group_hit': 0.8125, 'pg': 0.003113281447440386, 'kl': 0.02595006301999092, 'kl_ema': 0.03438871680636561, 'kl_beta': 0.0034475204312298525, 'grad_norm': 0.3888038694858551}
{'step': 115, 'reward': 0.11328125, 'group_hit': 0.84375, 'pg': -0.0023901518434286118, 'kl': 0.029169932007789612, 'kl_ema': 0.035336914158281205, 'kl_beta': 0.003349761645248411, 'grad_norm': 0.5549476146697998}
{'step': 120, 'reward': 0.13671875, 'group_hit': 0.9375, 'pg': -0.008442328311502934, 'kl': 0.03412847965955734, 'kl_ema': 0.03615592318205435, 'kl_beta': 0.0032639438827132983, 'grad_norm': 0.47245097160339355}
{'step': 125, 'reward': 0.087890625, 'group_hit': 0.71875, 'pg': 0.011292314156889915, 'kl': 0.05898487940430641, 'kl_ema': 0.044374404022569425, 'kl_beta': 0.0032901294867584093, 'grad_norm': 0.4818136990070343}
{'step': 130, 'reward': 0.076171875, 'group_hit': 0.65625, 'pg': 0.0007127756252884865, 'kl': 0.049714770168066025, 'kl_ema': 0.04294569458740281, 'kl_beta': 0.003341740773119867, 'grad_norm': 0.3708893358707428}
{'step': 135, 'reward': 0.119140625, 'group_hit': 0.84375, 'pg': -0.008506005629897118, 'kl': 0.03397618979215622, 'kl_ema': 0.04274315184656332, 'kl_beta': 0.003443174452423582, 'grad_norm': 0.49425777792930603}
{'step': 140, 'reward': 0.09765625, 'group_hit': 0.75, 'pg': 0.0011260195169597864, 'kl': 0.06119382381439209, 'kl_ema': 0.04178163964609215, 'kl_beta': 0.0034595815858444955, 'grad_norm': 0.5521490573883057}
{'step': 145, 'reward': 0.09765625, 'group_hit': 0.78125, 'pg': -0.0026720501482486725, 'kl': 0.036878228187561035, 'kl_ema': 0.041177402185827855, 'kl_beta': 0.0035054298367662084, 'grad_norm': 0.47202908992767334}
{'step': 150, 'reward': 0.109375, 'group_hit': 0.8125, 'pg': -0.0007001040503382683, 'kl': 0.052151039242744446, 'kl_ema': 0.040913657000330755, 'kl_beta': 0.0035059762381233874, 'grad_norm': 0.5023688077926636}
{'step': 155, 'reward': 0.1015625, 'group_hit': 0.65625, 'pg': -0.009091770276427269, 'kl': 0.0526122972369194, 'kl_ema': 0.04037626870750165, 'kl_beta': 0.0035049129163557697, 'grad_norm': 0.5674610733985901}
{'step': 160, 'reward': 0.087890625, 'group_hit': 0.6875, 'pg': 0.005318893119692802, 'kl': 0.04769982397556305, 'kl_ema': 0.04049105902938281, 'kl_beta': 0.003495470191806682, 'grad_norm': 0.44573354721069336}
{'step': 165, 'reward': 0.103515625, 'group_hit': 0.8125, 'pg': -0.012180391699075699, 'kl': 0.0468297153711319, 'kl_ema': 0.040781573997880204, 'kl_beta': 0.003510488499870742, 'grad_norm': 0.5168254375457764}
{'step': 170, 'reward': 0.125, 'group_hit': 0.78125, 'pg': -0.001773082185536623, 'kl': 0.05619703233242035, 'kl_ema': 0.04332502231299197, 'kl_beta': 0.0035624528512075287, 'grad_norm': 0.5942934155464172}
{'step': 175, 'reward': 0.080078125, 'group_hit': 0.78125, 'pg': -0.0007705679163336754, 'kl': 0.04280952364206314, 'kl_ema': 0.04062156978830738, 'kl_beta': 0.0035981698110866345, 'grad_norm': 0.539479672908783}
{'step': 180, 'reward': 0.109375, 'group_hit': 0.84375, 'pg': -0.008953189477324486, 'kl': 0.07225628197193146, 'kl_ema': 0.0428356641292913, 'kl_beta': 0.0036109446301360528, 'grad_norm': 0.4732397794723511}
{'step': 185, 'reward': 0.08203125, 'group_hit': 0.75, 'pg': -0.005413390696048737, 'kl': 0.09441491216421127, 'kl_ema': 0.051014709400295725, 'kl_beta': 0.003778313459172595, 'grad_norm': 0.46341922879219055}
{'step': 190, 'reward': 0.111328125, 'group_hit': 0.71875, 'pg': -0.019221533089876175, 'kl': 0.039913929998874664, 'kl_ema': 0.04943353755445125, 'kl_beta': 0.004030122712360112, 'grad_norm': 0.5428566932678223}
{'step': 195, 'reward': 0.11328125, 'group_hit': 0.8125, 'pg': -0.005212727934122086, 'kl': 0.04558951407670975, 'kl_ema': 0.04717626375454565, 'kl_beta': 0.004239612271537454, 'grad_norm': 0.4931747019290924}
{'step': 200, 'reward': 0.0859375, 'group_hit': 0.78125, 'pg': 0.003982512280344963, 'kl': 0.05523217096924782, 'kl_ema': 0.04774704194043314, 'kl_beta': 0.004465672978071781, 'grad_norm': 0.40402552485466003}
{'step': 205, 'reward': 0.115234375, 'group_hit': 0.8125, 'pg': -0.016541987657546997, 'kl': 0.04551657289266586, 'kl_ema': 0.04751583146221069, 'kl_beta': 0.004699903846443176, 'grad_norm': 0.5127294659614563}
{'step': 210, 'reward': 0.126953125, 'group_hit': 0.78125, 'pg': -0.00833134539425373, 'kl': 0.0716707780957222, 'kl_ema': 0.051130429804224005, 'kl_beta': 0.004958181649089443, 'grad_norm': 0.8295904994010925}
{'step': 215, 'reward': 0.134765625, 'group_hit': 0.8125, 'pg': -0.019730785861611366, 'kl': 0.038731127977371216, 'kl_ema': 0.04896310940355649, 'kl_beta': 0.005297895857624842, 'grad_norm': 0.5750985741615295}
{'step': 220, 'reward': 0.099609375, 'group_hit': 0.71875, 'pg': -0.002675150753930211, 'kl': 0.04695846885442734, 'kl_ema': 0.047913738245880945, 'kl_beta': 0.005586273778349837, 'grad_norm': 0.5319533348083496}
{'step': 225, 'reward': 0.09375, 'group_hit': 0.71875, 'pg': -0.01079125888645649, 'kl': 0.05051948502659798, 'kl_ema': 0.04897622802353368, 'kl_beta': 0.005876157424681835, 'grad_norm': 0.4281708300113678}
{'step': 230, 'reward': 0.109375, 'group_hit': 0.84375, 'pg': -0.010071639902889729, 'kl': 0.043184682726860046, 'kl_ema': 0.05294764136447786, 'kl_beta': 0.00633636942310419, 'grad_norm': 0.6580289006233215}
{'step': 235, 'reward': 0.125, 'group_hit': 0.8125, 'pg': 0.0019380617886781693, 'kl': 0.05403384566307068, 'kl_ema': 0.053302020905968646, 'kl_beta': 0.00687925171260845, 'grad_norm': 0.6104839444160461}
{'step': 240, 'reward': 0.09375, 'group_hit': 0.71875, 'pg': -0.00686095654964447, 'kl': 0.0364636555314064, 'kl_ema': 0.04977955087219892, 'kl_beta': 0.007379303743730261, 'grad_norm': 0.4425756335258484}
{'step': 245, 'reward': 0.12109375, 'group_hit': 0.84375, 'pg': -0.005980825051665306, 'kl': 0.046347349882125854, 'kl_ema': 0.04906760574045911, 'kl_beta': 0.007854716585836632, 'grad_norm': 0.7656875848770142}
{'step': 250, 'reward': 0.076171875, 'group_hit': 0.78125, 'pg': 1.24429352581501e-05, 'kl': 0.04851619899272919, 'kl_ema': 0.04985497709890082, 'kl_beta': 0.008341197054069908, 'grad_norm': 0.42654070258140564}
{'step': 255, 'reward': 0.083984375, 'group_hit': 0.71875, 'pg': 0.007879265584051609, 'kl': 0.06256812065839767, 'kl_ema': 0.050435360463761764, 'kl_beta': 0.008864621908161032, 'grad_norm': 0.38998326659202576}
{'step': 260, 'reward': 0.087890625, 'group_hit': 0.78125, 'pg': 0.005155064165592194, 'kl': 0.049826670438051224, 'kl_ema': 0.049770251453537036, 'kl_beta': 0.009413862019596216, 'grad_norm': 0.456503301858902}
{'step': 265, 'reward': 0.099609375, 'group_hit': 0.71875, 'pg': -0.008120199665427208, 'kl': 0.07869060337543488, 'kl_ema': 0.05579193152654141, 'kl_beta': 0.010218513654326546, 'grad_norm': 0.805613100528717}
{'step': 270, 'reward': 0.125, 'group_hit': 0.9375, 'pg': -0.00596237275749445, 'kl': 0.052728064358234406, 'kl_ema': 0.057076056175934864, 'kl_beta': 0.011165652905177285, 'grad_norm': 0.5706935524940491}
{'step': 275, 'reward': 0.103515625, 'group_hit': 0.84375, 'pg': -0.011968415230512619, 'kl': 0.0492364764213562, 'kl_ema': 0.05741885651998222, 'kl_beta': 0.012534086069753838, 'grad_norm': 0.4639135003089905}
{'step': 280, 'reward': 0.119140625, 'group_hit': 0.875, 'pg': -0.011626286432147026, 'kl': 0.0466165654361248, 'kl_ema': 0.05887943691235684, 'kl_beta': 0.014007285674079217, 'grad_norm': 0.6426209211349487}
{'step': 285, 'reward': 0.125, 'group_hit': 0.90625, 'pg': -0.010576548054814339, 'kl': 0.04456651210784912, 'kl_ema': 0.05407289592464439, 'kl_beta': 0.015403214807953878, 'grad_norm': 0.49446985125541687}
{'step': 290, 'reward': 0.11328125, 'group_hit': 0.8125, 'pg': -0.00386080052703619, 'kl': 0.08980606496334076, 'kl_ema': 0.059469382669062876, 'kl_beta': 0.017102343460738703, 'grad_norm': 0.5500574707984924}
{'step': 295, 'reward': 0.134765625, 'group_hit': 0.875, 'pg': -0.0034597348421812057, 'kl': 0.03728330135345459, 'kl_ema': 0.056118288109361404, 'kl_beta': 0.01923340789325648, 'grad_norm': 0.561048686504364}
{'step': 300, 'reward': 0.119140625, 'group_hit': 0.78125, 'pg': -0.011427213437855244, 'kl': 0.033350516110658646, 'kl_ema': 0.05423675961783689, 'kl_beta': 0.02133564167081184, 'grad_norm': 0.5809807181358337}
{'step': 305, 'reward': 0.103515625, 'group_hit': 0.71875, 'pg': 0.012775933369994164, 'kl': 0.06208184361457825, 'kl_ema': 0.05482564999901907, 'kl_beta': 0.02338101276276686, 'grad_norm': 0.5973708033561707}
{'step': 310, 'reward': 0.126953125, 'group_hit': 0.8125, 'pg': -0.01999705098569393, 'kl': 0.06817379593849182, 'kl_ema': 0.056134308449012904, 'kl_beta': 0.025804600982652824, 'grad_norm': 0.5838854312896729}
{'step': 315, 'reward': 0.111328125, 'group_hit': 0.84375, 'pg': -0.0028538843616843224, 'kl': 0.056327320635318756, 'kl_ema': 0.05652720814034985, 'kl_beta': 0.02844050718714765, 'grad_norm': 0.5903099179267883}
{'step': 320, 'reward': 0.1171875, 'group_hit': 0.6875, 'pg': -0.03725963830947876, 'kl': 0.06494589895009995, 'kl_ema': 0.06339137318312847, 'kl_beta': 0.032844560609208345, 'grad_norm': 0.5963560342788696}
{'step': 325, 'reward': 0.103515625, 'group_hit': 0.8125, 'pg': -0.005552707239985466, 'kl': 0.03552849590778351, 'kl_ema': 0.06313351103589139, 'kl_beta': 0.03850747457954726, 'grad_norm': 0.46244388818740845}
{'step': 330, 'reward': 0.0859375, 'group_hit': 0.65625, 'pg': -0.009541614912450314, 'kl': 0.06037833169102669, 'kl_ema': 0.05919999782553308, 'kl_beta': 0.04350614604208183, 'grad_norm': 0.5816421508789062}
{'step': 335, 'reward': 0.103515625, 'group_hit': 0.8125, 'pg': -0.0040946532972157, 'kl': 0.06252691149711609, 'kl_ema': 0.05987890174446353, 'kl_beta': 0.04920770319411417, 'grad_norm': 0.6089715361595154}
{'step': 340, 'reward': 0.111328125, 'group_hit': 0.8125, 'pg': -0.017133358865976334, 'kl': 0.04750153422355652, 'kl_ema': 0.05671863672484215, 'kl_beta': 0.05512437479384622, 'grad_norm': 0.535823404788971}
{'step': 345, 'reward': 0.119140625, 'group_hit': 0.84375, 'pg': -0.002459002658724785, 'kl': 0.05326738953590393, 'kl_ema': 0.057437798596452296, 'kl_beta': 0.06203790772028537, 'grad_norm': 0.5522621273994446}
{'step': 350, 'reward': 0.107421875, 'group_hit': 0.78125, 'pg': -0.005629722960293293, 'kl': 0.037882156670093536, 'kl_ema': 0.06174503681256813, 'kl_beta': 0.07064410729631398, 'grad_norm': 0.5817025303840637}
{'step': 355, 'reward': 0.115234375, 'group_hit': 0.78125, 'pg': -0.024382978677749634, 'kl': 0.04729796200990677, 'kl_ema': 0.06092069155786581, 'kl_beta': 0.08079928665660199, 'grad_norm': 0.7914765477180481}
{'step': 360, 'reward': 0.1015625, 'group_hit': 0.8125, 'pg': 0.001813489943742752, 'kl': 0.05258245766162872, 'kl_ema': 0.06035782759042021, 'kl_beta': 0.09204161059865332, 'grad_norm': 0.760113537311554}
{'step': 365, 'reward': 0.12109375, 'group_hit': 0.78125, 'pg': -0.00040718168020248413, 'kl': 0.038103725761175156, 'kl_ema': 0.06021401833059169, 'kl_beta': 0.10521852292241508, 'grad_norm': 0.6269169449806213}
{'step': 370, 'reward': 0.08984375, 'group_hit': 0.75, 'pg': -0.017612293362617493, 'kl': 0.05115428566932678, 'kl_ema': 0.05552005162897184, 'kl_beta': 0.11660912817429048, 'grad_norm': 0.630473256111145}
{'step': 375, 'reward': 0.10546875, 'group_hit': 0.875, 'pg': -0.004506682977080345, 'kl': 0.039840858429670334, 'kl_ema': 0.04757192799464843, 'kl_beta': 0.12453611079582942, 'grad_norm': 0.4574059545993805}
{'step': 380, 'reward': 0.107421875, 'group_hit': 0.75, 'pg': -0.011195287108421326, 'kl': 0.0402296744287014, 'kl_ema': 0.04837581344133365, 'kl_beta': 0.13215855096591086, 'grad_norm': 0.608117938041687}
{'step': 385, 'reward': 0.103515625, 'group_hit': 0.875, 'pg': -0.009023248217999935, 'kl': 0.03987152874469757, 'kl_ema': 0.04677779315399783, 'kl_beta': 0.13839439924634267, 'grad_norm': 0.6272721290588379}
{'step': 390, 'reward': 0.08984375, 'group_hit': 0.71875, 'pg': -0.007888853549957275, 'kl': 0.03140420839190483, 'kl_ema': 0.04665562902627963, 'kl_beta': 0.14692117563089913, 'grad_norm': 0.5207165479660034}
{'step': 395, 'reward': 0.095703125, 'group_hit': 0.6875, 'pg': -0.013077559880912304, 'kl': 0.0225539393723011, 'kl_ema': 0.0438493273691131, 'kl_beta': 0.15351043684981475, 'grad_norm': 0.5995992422103882}
{'step': 400, 'reward': 0.11328125, 'group_hit': 0.84375, 'pg': -0.020283248275518417, 'kl': 0.040091656148433685, 'kl_ema': 0.04191455611273057, 'kl_beta': 0.15607196968567363, 'grad_norm': 0.5953004360198975}
{'step': 405, 'reward': 0.119140625, 'group_hit': 0.8125, 'pg': -0.014674601145088673, 'kl': 0.045808061957359314, 'kl_ema': 0.044307644237224816, 'kl_beta': 0.16071268883261958, 'grad_norm': 0.7980807423591614}
{'step': 410, 'reward': 0.138671875, 'group_hit': 0.84375, 'pg': -0.014887669123709202, 'kl': 0.05672037973999977, 'kl_ema': 0.041755877012639414, 'kl_beta': 0.16273284039231067, 'grad_norm': 0.7798789143562317}
{'step': 415, 'reward': 0.103515625, 'group_hit': 0.6875, 'pg': -0.02420175075531006, 'kl': 0.0316847562789917, 'kl_ema': 0.04398306555226224, 'kl_beta': 0.16922941212559917, 'grad_norm': 0.563122034072876}
{'step': 420, 'reward': 0.107421875, 'group_hit': 0.8125, 'pg': 0.0006152018904685974, 'kl': 0.05338694900274277, 'kl_ema': 0.04069398790230219, 'kl_beta': 0.17011465874170115, 'grad_norm': 0.6614891290664673}
{'step': 425, 'reward': 0.119140625, 'group_hit': 0.8125, 'pg': 0.004372773692011833, 'kl': 0.03310104459524155, 'kl_ema': 0.03865194572830637, 'kl_beta': 0.1699072948588915, 'grad_norm': 0.5416388511657715}
{'step': 430, 'reward': 0.138671875, 'group_hit': 0.9375, 'pg': -0.013140097260475159, 'kl': 0.024394359439611435, 'kl_ema': 0.03386190711463659, 'kl_beta': 0.16557962817722188, 'grad_norm': 0.6591847538948059}
{'step': 435, 'reward': 0.12109375, 'group_hit': 0.90625, 'pg': -0.005465220659971237, 'kl': 0.03073490597307682, 'kl_ema': 0.033464096898319945, 'kl_beta': 0.16025117134413633, 'grad_norm': 0.5507319569587708}
{'step': 440, 'reward': 0.11328125, 'group_hit': 0.84375, 'pg': -0.002353939227759838, 'kl': 0.032024502754211426, 'kl_ema': 0.03290391364027221, 'kl_beta': 0.15355090586141337, 'grad_norm': 0.6018085479736328}
{'step': 445, 'reward': 0.126953125, 'group_hit': 0.8125, 'pg': -0.01877737045288086, 'kl': 0.03827451914548874, 'kl_ema': 0.03124905099743987, 'kl_beta': 0.14535693918026626, 'grad_norm': 0.6859113574028015}
{'step': 450, 'reward': 0.1171875, 'group_hit': 0.8125, 'pg': -0.008579457178711891, 'kl': 0.05603384971618652, 'kl_ema': 0.03324657236100308, 'kl_beta': 0.13777733321841837, 'grad_norm': 0.7095720171928406}
{'step': 455, 'reward': 0.1171875, 'group_hit': 0.78125, 'pg': -0.016035718843340874, 'kl': 0.027409236878156662, 'kl_ema': 0.03379605752491968, 'kl_beta': 0.13224461983682395, 'grad_norm': 0.5588722825050354}
{'step': 460, 'reward': 0.130859375, 'group_hit': 0.84375, 'pg': -0.011299053207039833, 'kl': 0.028905849903821945, 'kl_ema': 0.03258653872367223, 'kl_beta': 0.1267754667354875, 'grad_norm': 0.6450141072273254}
{'step': 465, 'reward': 0.08984375, 'group_hit': 0.6875, 'pg': -0.005410096608102322, 'kl': 0.02065315470099449, 'kl_ema': 0.03466539897602022, 'kl_beta': 0.12286613348097172, 'grad_norm': 0.40898460149765015}
{'step': 470, 'reward': 0.11328125, 'group_hit': 0.875, 'pg': -0.01013254001736641, 'kl': 0.027204003185033798, 'kl_ema': 0.03692243460645308, 'kl_beta': 0.11919866479829958, 'grad_norm': 0.49622297286987305}
{'step': 475, 'reward': 0.126953125, 'group_hit': 0.875, 'pg': -0.0270227137953043, 'kl': 0.04269979149103165, 'kl_ema': 0.03452774344159409, 'kl_beta': 0.11493725116421534, 'grad_norm': 0.6950592398643494}
{'step': 480, 'reward': 0.130859375, 'group_hit': 0.90625, 'pg': -0.019057463854551315, 'kl': 0.024730786681175232, 'kl_ema': 0.03171481050450497, 'kl_beta': 0.10957088997950182, 'grad_norm': 0.8611626029014587}
{'step': 485, 'reward': 0.111328125, 'group_hit': 0.875, 'pg': -0.009553450159728527, 'kl': 0.029800264164805412, 'kl_ema': 0.03185025156097336, 'kl_beta': 0.10460882557316369, 'grad_norm': 0.4962027668952942}
{'step': 490, 'reward': 0.111328125, 'group_hit': 0.65625, 'pg': -0.008900861255824566, 'kl': 0.04457537457346916, 'kl_ema': 0.03320288773886353, 'kl_beta': 0.0995031651386293, 'grad_norm': 0.49151313304901123}
{'step': 495, 'reward': 0.126953125, 'group_hit': 0.8125, 'pg': -0.02684786543250084, 'kl': 0.0322096087038517, 'kl_ema': 0.035753042007552235, 'kl_beta': 0.09660921813163209, 'grad_norm': 0.5270881056785583}
{'step': 500, 'reward': 0.09765625, 'group_hit': 0.78125, 'pg': -0.007011186797171831, 'kl': 0.03951747715473175, 'kl_ema': 0.03718159110736032, 'kl_beta': 0.09490309792689802, 'grad_norm': 0.582297682762146}
{'step': 505, 'reward': 0.123046875, 'group_hit': 0.84375, 'pg': -0.008897577412426472, 'kl': 0.03553944081068039, 'kl_ema': 0.03645943985572833, 'kl_beta': 0.09314591933628608, 'grad_norm': 0.49310117959976196}
{'step': 510, 'reward': 0.111328125, 'group_hit': 0.84375, 'pg': -0.008665531873703003, 'kl': 0.02741296961903572, 'kl_ema': 0.04132683036048857, 'kl_beta': 0.09368023871065002, 'grad_norm': 0.4925742447376251}
{'step': 515, 'reward': 0.12109375, 'group_hit': 0.875, 'pg': -0.01515982300043106, 'kl': 0.04846568778157234, 'kl_ema': 0.040447603806532215, 'kl_beta': 0.09376370406024535, 'grad_norm': 0.5769645571708679}
{'step': 520, 'reward': 0.123046875, 'group_hit': 0.90625, 'pg': -0.0052040014415979385, 'kl': 0.02701679989695549, 'kl_ema': 0.03944111862452845, 'kl_beta': 0.09391883130160783, 'grad_norm': 0.5918375849723816}
{'step': 525, 'reward': 0.12109375, 'group_hit': 0.84375, 'pg': -0.004669646732509136, 'kl': 0.04709165543317795, 'kl_ema': 0.03942376037191194, 'kl_beta': 0.09336368709519859, 'grad_norm': 0.6757393479347229}
{'step': 530, 'reward': 0.125, 'group_hit': 0.90625, 'pg': -0.013398049399256706, 'kl': 0.05477428436279297, 'kl_ema': 0.03990639817016224, 'kl_beta': 0.09247814721911533, 'grad_norm': 0.6205897331237793}
{'step': 535, 'reward': 0.14453125, 'group_hit': 0.78125, 'pg': -0.025999391451478004, 'kl': 0.03307419642806053, 'kl_ema': 0.03954727113081869, 'kl_beta': 0.09253396300695017, 'grad_norm': 0.8771765828132629}
{'step': 540, 'reward': 0.107421875, 'group_hit': 0.71875, 'pg': -0.013389809057116508, 'kl': 0.0580427460372448, 'kl_ema': 0.04365888807483309, 'kl_beta': 0.09360336225196791, 'grad_norm': 0.6344642639160156}
{'step': 545, 'reward': 0.12109375, 'group_hit': 0.84375, 'pg': -0.011936377733945847, 'kl': 0.07012400031089783, 'kl_ema': 0.047759329045651056, 'kl_beta': 0.09756890253541693, 'grad_norm': 0.6246203184127808}
{'step': 550, 'reward': 0.12109375, 'group_hit': 0.90625, 'pg': -0.015549743548035622, 'kl': 0.03355984389781952, 'kl_ema': 0.045739410999754086, 'kl_beta': 0.10132361763562202, 'grad_norm': 0.5904002785682678}
{'step': 555, 'reward': 0.123046875, 'group_hit': 0.75, 'pg': -0.0030034296214580536, 'kl': 0.03875160962343216, 'kl_ema': 0.04428067616080231, 'kl_beta': 0.10461332860329249, 'grad_norm': 0.9518006443977356}
{'step': 560, 'reward': 0.103515625, 'group_hit': 0.71875, 'pg': -0.002802216913551092, 'kl': 0.045426931232213974, 'kl_ema': 0.04310398860506519, 'kl_beta': 0.10651290525528789, 'grad_norm': 0.5829233527183533}
{'step': 565, 'reward': 0.123046875, 'group_hit': 0.8125, 'pg': -0.0097358962520957, 'kl': 0.032244496047496796, 'kl_ema': 0.04128710940217763, 'kl_beta': 0.10786946267053346, 'grad_norm': 0.6618022322654724}
{'step': 570, 'reward': 0.11328125, 'group_hit': 0.8125, 'pg': -0.00584493950009346, 'kl': 0.07097364962100983, 'kl_ema': 0.047504457887349895, 'kl_beta': 0.11133171192301469, 'grad_norm': 0.5777920484542847}
{'step': 575, 'reward': 0.119140625, 'group_hit': 0.75, 'pg': -0.021926257759332657, 'kl': 0.035212498158216476, 'kl_ema': 0.04603599917852606, 'kl_beta': 0.1161875449042774, 'grad_norm': 0.7126301527023315}
{'step': 580, 'reward': 0.11328125, 'group_hit': 0.78125, 'pg': -0.002498750574886799, 'kl': 0.05543573945760727, 'kl_ema': 0.04701817705305131, 'kl_beta': 0.12090403319351133, 'grad_norm': 0.658114492893219}
{'step': 585, 'reward': 0.11328125, 'group_hit': 0.78125, 'pg': -0.010000750422477722, 'kl': 0.026416266337037086, 'kl_ema': 0.044143093747311395, 'kl_beta': 0.12531551997291174, 'grad_norm': 0.5593094229698181}
{'step': 590, 'reward': 0.134765625, 'group_hit': 0.875, 'pg': -0.01186071615666151, 'kl': 0.04586271196603775, 'kl_ema': 0.04512305922309954, 'kl_beta': 0.129771888170846, 'grad_norm': 0.6774508953094482}
{'step': 595, 'reward': 0.111328125, 'group_hit': 0.75, 'pg': -0.020671429112553596, 'kl': 0.04623794183135033, 'kl_ema': 0.044688990817008584, 'kl_beta': 0.13329308626428013, 'grad_norm': 0.583669126033783}
{'step': 600, 'reward': 0.12890625, 'group_hit': 0.875, 'pg': -0.0035334466956555843, 'kl': 0.03753449022769928, 'kl_ema': 0.04185543480792069, 'kl_beta': 0.1349442966563939, 'grad_norm': 0.7558209300041199}
{'step': 605, 'reward': 0.15234375, 'group_hit': 0.90625, 'pg': -0.026822753250598907, 'kl': 0.04700708016753197, 'kl_ema': 0.04198845569642312, 'kl_beta': 0.13663984652533398, 'grad_norm': 0.6723181009292603}
{'step': 610, 'reward': 0.1171875, 'group_hit': 0.8125, 'pg': -0.014235744252800941, 'kl': 0.04904412850737572, 'kl_ema': 0.05067762047361701, 'kl_beta': 0.14572812320199513, 'grad_norm': 0.6003930568695068}
{'step': 615, 'reward': 0.12109375, 'group_hit': 0.75, 'pg': -0.005086162127554417, 'kl': 0.07555435597896576, 'kl_ema': 0.05318653805594406, 'kl_beta': 0.15670149805520517, 'grad_norm': 0.7391809225082397}
{'step': 620, 'reward': 0.154296875, 'group_hit': 0.90625, 'pg': -0.015086084604263306, 'kl': 0.047539155930280685, 'kl_ema': 0.05686580650715615, 'kl_beta': 0.17521351800498725, 'grad_norm': 0.6090742349624634}
{'step': 625, 'reward': 0.107421875, 'group_hit': 0.75, 'pg': -0.005524808075278997, 'kl': 0.030015375465154648, 'kl_ema': 0.050579926179839106, 'kl_beta': 0.19184309136405625, 'grad_norm': 0.6081541776657104}
{'step': 630, 'reward': 0.091796875, 'group_hit': 0.71875, 'pg': -0.007565927691757679, 'kl': 0.03126896917819977, 'kl_ema': 0.05150758036580806, 'kl_beta': 0.20927541134134645, 'grad_norm': 0.5483513474464417}
{'step': 635, 'reward': 0.138671875, 'group_hit': 0.78125, 'pg': -0.009930029511451721, 'kl': 0.0413992777466774, 'kl_ema': 0.04801319856235804, 'kl_beta': 0.22357629884459349, 'grad_norm': 0.6838610768318176}
{'step': 640, 'reward': 0.14453125, 'group_hit': 0.9375, 'pg': -0.01702425442636013, 'kl': 0.03126903995871544, 'kl_ema': 0.0432508825949899, 'kl_beta': 0.2297809564142089, 'grad_norm': 0.6006137728691101}
{'step': 645, 'reward': 0.138671875, 'group_hit': 0.90625, 'pg': -0.008982548490166664, 'kl': 0.0212959423661232, 'kl_ema': 0.040989578655687114, 'kl_beta': 0.23229555950434752, 'grad_norm': 0.7727575898170471}
{'step': 650, 'reward': 0.11328125, 'group_hit': 0.8125, 'pg': -0.01916578598320484, 'kl': 0.047839708626270294, 'kl_ema': 0.04051113121346362, 'kl_beta': 0.23219963226209156, 'grad_norm': 0.5364788174629211}
{'step': 655, 'reward': 0.111328125, 'group_hit': 0.78125, 'pg': -0.011573600582778454, 'kl': 0.03623450547456741, 'kl_ema': 0.04478944385425718, 'kl_beta': 0.2393812988976337, 'grad_norm': 0.5392745137214661}
{'step': 660, 'reward': 0.12109375, 'group_hit': 0.84375, 'pg': -0.009571234695613384, 'kl': 0.025144781917333603, 'kl_ema': 0.04049362927003565, 'kl_beta': 0.2446470945570279, 'grad_norm': 0.5623555779457092}
{'step': 665, 'reward': 0.080078125, 'group_hit': 0.65625, 'pg': 0.0007274225354194641, 'kl': 0.04612644016742706, 'kl_ema': 0.03673879030915696, 'kl_beta': 0.24022374415902858, 'grad_norm': 0.5003929734230042}
{'step': 670, 'reward': 0.099609375, 'group_hit': 0.84375, 'pg': -0.002613229677081108, 'kl': 0.02392261102795601, 'kl_ema': 0.03493540431103244, 'kl_beta': 0.23424377419916675, 'grad_norm': 0.39540407061576843}
{'step': 675, 'reward': 0.10546875, 'group_hit': 0.78125, 'pg': -0.009701702743768692, 'kl': 0.027229519560933113, 'kl_ema': 0.03284776863746186, 'kl_beta': 0.22543791504960217, 'grad_norm': 0.5075808167457581}
{'step': 680, 'reward': 0.107421875, 'group_hit': 0.75, 'pg': -0.0039052870124578476, 'kl': 0.05479678511619568, 'kl_ema': 0.034419924670043636, 'kl_beta': 0.21569938901148117, 'grad_norm': 1.0239217281341553}
{'step': 685, 'reward': 0.13671875, 'group_hit': 0.78125, 'pg': -0.020741501823067665, 'kl': 0.06347157061100006, 'kl_ema': 0.04045687710671053, 'kl_beta': 0.21431427677703482, 'grad_norm': 0.7564817070960999}
{'step': 690, 'reward': 0.12890625, 'group_hit': 0.875, 'pg': -0.004003942012786865, 'kl': 0.029317762702703476, 'kl_ema': 0.03950569000760249, 'kl_beta': 0.21442347235351147, 'grad_norm': 0.6210869550704956}
{'step': 695, 'reward': 0.09375, 'group_hit': 0.75, 'pg': -0.005671338178217411, 'kl': 0.054852668195962906, 'kl_ema': 0.03903571170914983, 'kl_beta': 0.2126948678505714, 'grad_norm': 0.6867110729217529}
{'step': 700, 'reward': 0.119140625, 'group_hit': 0.78125, 'pg': -0.011812630109488964, 'kl': 0.033241063356399536, 'kl_ema': 0.03694748090581797, 'kl_beta': 0.20941398312169163, 'grad_norm': 0.6344733834266663}
{'step': 705, 'reward': 0.115234375, 'group_hit': 0.75, 'pg': -0.010983098298311234, 'kl': 0.026915017515420914, 'kl_ema': 0.03972078847921018, 'kl_beta': 0.21194592563124523, 'grad_norm': 0.5752091407775879}
{'step': 710, 'reward': 0.099609375, 'group_hit': 0.8125, 'pg': -0.006747229490429163, 'kl': 0.03177669644355774, 'kl_ema': 0.038835228851963596, 'kl_beta': 0.21175576522105455, 'grad_norm': 0.4976790249347687}
{'step': 715, 'reward': 0.142578125, 'group_hit': 0.8125, 'pg': -0.028334632515907288, 'kl': 0.028795186430215836, 'kl_ema': 0.03609462956837015, 'kl_beta': 0.2083636224158207, 'grad_norm': 0.9277226328849792}
{'step': 720, 'reward': 0.130859375, 'group_hit': 0.71875, 'pg': -0.026013895869255066, 'kl': 0.07643749564886093, 'kl_ema': 0.03845239120490382, 'kl_beta': 0.20273527845554115, 'grad_norm': 0.7858585119247437}
{'step': 725, 'reward': 0.12109375, 'group_hit': 0.8125, 'pg': 0.002363944426178932, 'kl': 0.03257446736097336, 'kl_ema': 0.035916635468771586, 'kl_beta': 0.1994645101108013, 'grad_norm': 0.6628336310386658}
{'step': 730, 'reward': 0.109375, 'group_hit': 0.71875, 'pg': -0.01853828690946102, 'kl': 0.025727059692144394, 'kl_ema': 0.032855403790968116, 'kl_beta': 0.19198149137819864, 'grad_norm': 0.5276848077774048}
{'step': 735, 'reward': 0.0859375, 'group_hit': 0.6875, 'pg': -0.007095695473253727, 'kl': 0.02695438824594021, 'kl_ema': 0.032659438005779036, 'kl_beta': 0.18301438976617465, 'grad_norm': 0.44825804233551025}
{'step': 740, 'reward': 0.099609375, 'group_hit': 0.71875, 'pg': -0.0009422376751899719, 'kl': 0.04651354253292084, 'kl_ema': 0.03709099416058034, 'kl_beta': 0.17663812053166533, 'grad_norm': 0.6973849534988403}
{'step': 745, 'reward': 0.11328125, 'group_hit': 0.875, 'pg': -0.0073297712951898575, 'kl': 0.03263004496693611, 'kl_ema': 0.03717989352751349, 'kl_beta': 0.17539008906374326, 'grad_norm': 0.5136370062828064}
{'step': 750, 'reward': 0.111328125, 'group_hit': 0.8125, 'pg': -0.008106673136353493, 'kl': 0.03738032281398773, 'kl_ema': 0.03471993885108322, 'kl_beta': 0.17011247598864906, 'grad_norm': 0.49530741572380066}
{'step': 755, 'reward': 0.123046875, 'group_hit': 0.875, 'pg': -0.007320897188037634, 'kl': 0.0352279357612133, 'kl_ema': 0.03542901976013359, 'kl_beta': 0.1656426033887302, 'grad_norm': 0.4814791679382324}
{'step': 760, 'reward': 0.109375, 'group_hit': 0.78125, 'pg': -0.008308753371238708, 'kl': 0.024178722873330116, 'kl_ema': 0.034516002811804274, 'kl_beta': 0.16087586677416224, 'grad_norm': 0.5212652683258057}
{'step': 765, 'reward': 0.080078125, 'group_hit': 0.75, 'pg': -0.005693692713975906, 'kl': 0.03188735991716385, 'kl_ema': 0.03548863434455187, 'kl_beta': 0.15723905715822872, 'grad_norm': 0.4096701443195343}
{'step': 770, 'reward': 0.08203125, 'group_hit': 0.59375, 'pg': -0.002015735488384962, 'kl': 0.025445733219385147, 'kl_ema': 0.03516888225077232, 'kl_beta': 0.15350000141238343, 'grad_norm': 0.41680261492729187}
{'step': 775, 'reward': 0.109375, 'group_hit': 0.8125, 'pg': -0.006580577231943607, 'kl': 0.02130887843668461, 'kl_ema': 0.035624429135659406, 'kl_beta': 0.1492376814062376, 'grad_norm': 0.5021035671234131}
{'step': 780, 'reward': 0.12109375, 'group_hit': 0.9375, 'pg': 0.002158327028155327, 'kl': 0.04564954340457916, 'kl_ema': 0.037862786249613894, 'kl_beta': 0.14721277526706927, 'grad_norm': 0.6901823878288269}
{'step': 785, 'reward': 0.1171875, 'group_hit': 0.78125, 'pg': 0.0060225240886211395, 'kl': 0.05179009586572647, 'kl_ema': 0.04136493989105215, 'kl_beta': 0.14818589522107634, 'grad_norm': 0.6108832955360413}
{'step': 790, 'reward': 0.09375, 'group_hit': 0.71875, 'pg': -0.009371694177389145, 'kl': 0.026624897494912148, 'kl_ema': 0.0407236869413616, 'kl_beta': 0.1499965676852336, 'grad_norm': 0.38783973455429077}
{'step': 795, 'reward': 0.111328125, 'group_hit': 0.8125, 'pg': -0.010209660977125168, 'kl': 0.029068205505609512, 'kl_ema': 0.0385413767644936, 'kl_beta': 0.14999627687306322, 'grad_norm': 0.6053898930549622}
{'step': 800, 'reward': 0.123046875, 'group_hit': 0.8125, 'pg': -0.0035241004079580307, 'kl': 0.020953059196472168, 'kl_ema': 0.03765720016346572, 'kl_beta': 0.14927094652947925, 'grad_norm': 0.7192466259002686}
{'step': 805, 'reward': 0.1171875, 'group_hit': 0.8125, 'pg': -0.024642249569296837, 'kl': 0.03100711852312088, 'kl_ema': 0.03789547993978148, 'kl_beta': 0.14775092248014987, 'grad_norm': 0.5493795275688171}
{'step': 810, 'reward': 0.158203125, 'group_hit': 0.90625, 'pg': -0.007501761429011822, 'kl': 0.039437368512153625, 'kl_ema': 0.03787029510482894, 'kl_beta': 0.14593702866882052, 'grad_norm': 0.6898057460784912}
{'step': 815, 'reward': 0.13671875, 'group_hit': 0.78125, 'pg': -0.016400856897234917, 'kl': 0.04052676260471344, 'kl_ema': 0.037585544297869165, 'kl_beta': 0.1437293976552196, 'grad_norm': 0.5696026682853699}
{'step': 820, 'reward': 0.091796875, 'group_hit': 0.625, 'pg': -0.013434475287795067, 'kl': 0.03397931158542633, 'kl_ema': 0.03749499156066043, 'kl_beta': 0.14127264185512903, 'grad_norm': 0.5170739889144897}
{'step': 825, 'reward': 0.150390625, 'group_hit': 0.78125, 'pg': -0.033357638865709305, 'kl': 0.11784913390874863, 'kl_ema': 0.04344559113299579, 'kl_beta': 0.13912756926709538, 'grad_norm': 0.8546427488327026}
{'step': 830, 'reward': 0.1171875, 'group_hit': 0.90625, 'pg': -0.006899720057845116, 'kl': 0.03308892250061035, 'kl_ema': 0.042021607722205055, 'kl_beta': 0.14084791654956919, 'grad_norm': 0.557420015335083}
{'step': 835, 'reward': 0.130859375, 'group_hit': 0.875, 'pg': -0.01626838929951191, 'kl': 0.04808659106492996, 'kl_ema': 0.040457235721690146, 'kl_beta': 0.1410820685171123, 'grad_norm': 0.7066899538040161}
{'step': 840, 'reward': 0.125, 'group_hit': 0.8125, 'pg': -0.01571933552622795, 'kl': 0.03507012128829956, 'kl_ema': 0.04067317181609888, 'kl_beta': 0.14159012470159213, 'grad_norm': 0.584789514541626}
{'step': 845, 'reward': 0.115234375, 'group_hit': 0.90625, 'pg': -0.012331493198871613, 'kl': 0.029062889516353607, 'kl_ema': 0.039763909838668184, 'kl_beta': 0.14264002059459938, 'grad_norm': 0.6493997573852539}
{'step': 850, 'reward': 0.109375, 'group_hit': 0.75, 'pg': -0.008763503283262253, 'kl': 0.04090118408203125, 'kl_ema': 0.041500702312383266, 'kl_beta': 0.14312422000824024, 'grad_norm': 0.5970752835273743}
{'step': 855, 'reward': 0.13671875, 'group_hit': 0.84375, 'pg': -0.017879381775856018, 'kl': 0.039640918374061584, 'kl_ema': 0.04248622590631897, 'kl_beta': 0.14469154856009783, 'grad_norm': 0.627998411655426}
{'step': 860, 'reward': 0.12890625, 'group_hit': 0.8125, 'pg': -0.008348420262336731, 'kl': 0.03597057983279228, 'kl_ema': 0.0416983830714167, 'kl_beta': 0.14706247770108, 'grad_norm': 0.49749454855918884}
{'step': 865, 'reward': 0.099609375, 'group_hit': 0.75, 'pg': -0.0017860601656138897, 'kl': 0.05674334242939949, 'kl_ema': 0.04809388183144126, 'kl_beta': 0.15255850338556537, 'grad_norm': 0.6900544166564941}
{'step': 870, 'reward': 0.09375, 'group_hit': 0.6875, 'pg': -0.004737904295325279, 'kl': 0.04243546724319458, 'kl_ema': 0.04647595959632328, 'kl_beta': 0.1592049571701434, 'grad_norm': 0.396965891122818}
{'step': 875, 'reward': 0.103515625, 'group_hit': 0.75, 'pg': -0.0039413077756762505, 'kl': 0.023750975728034973, 'kl_ema': 0.04340140851111252, 'kl_beta': 0.16461797401577902, 'grad_norm': 0.5619363188743591}
{'step': 880, 'reward': 0.138671875, 'group_hit': 0.84375, 'pg': -0.028909988701343536, 'kl': 0.036158330738544464, 'kl_ema': 0.04102756466507894, 'kl_beta': 0.1673090012304535, 'grad_norm': 0.667096734046936}
{'step': 885, 'reward': 0.123046875, 'group_hit': 0.84375, 'pg': -0.01134947407990694, 'kl': 0.06472176313400269, 'kl_ema': 0.04855578780399262, 'kl_beta': 0.17267996313045897, 'grad_norm': 0.7251157760620117}
{'step': 890, 'reward': 0.111328125, 'group_hit': 0.90625, 'pg': 0.006154456175863743, 'kl': 0.032843515276908875, 'kl_ema': 0.04543161243441051, 'kl_beta': 0.1794726668858628, 'grad_norm': 0.44436532258987427}
{'step': 895, 'reward': 0.107421875, 'group_hit': 0.71875, 'pg': -0.002756766974925995, 'kl': 0.0377916656434536, 'kl_ema': 0.04633378628762666, 'kl_beta': 0.18704064848683716, 'grad_norm': 0.7293427586555481}
{'step': 900, 'reward': 0.111328125, 'group_hit': 0.71875, 'pg': -0.010148689150810242, 'kl': 0.058210331946611404, 'kl_ema': 0.04407978460403819, 'kl_beta': 0.19125276668843927, 'grad_norm': 0.5484849810600281}
{'step': 905, 'reward': 0.134765625, 'group_hit': 0.90625, 'pg': -0.019808849319815636, 'kl': 0.030356474220752716, 'kl_ema': 0.04162525373654021, 'kl_beta': 0.19541317487342966, 'grad_norm': 0.6058643460273743}
{'step': 910, 'reward': 0.130859375, 'group_hit': 0.78125, 'pg': -0.00814908929169178, 'kl': 0.043212804943323135, 'kl_ema': 0.04000412513295469, 'kl_beta': 0.19603291831884206, 'grad_norm': 0.7562563419342041}
{'step': 915, 'reward': 0.134765625, 'group_hit': 0.84375, 'pg': -0.02266877330839634, 'kl': 0.0479593500494957, 'kl_ema': 0.04547923597025963, 'kl_beta': 0.20052409031263366, 'grad_norm': 0.6527440547943115}
{'step': 920, 'reward': 0.11328125, 'group_hit': 0.78125, 'pg': -0.01197103038430214, 'kl': 0.05604967474937439, 'kl_ema': 0.049719743328733405, 'kl_beta': 0.2108289203892721, 'grad_norm': 0.6772012710571289}
{'step': 925, 'reward': 0.140625, 'group_hit': 0.78125, 'pg': -0.007749390788376331, 'kl': 0.048459477722644806, 'kl_ema': 0.04630574314650518, 'kl_beta': 0.2207356306762517, 'grad_norm': 0.7238656878471375}
{'step': 930, 'reward': 0.103515625, 'group_hit': 0.65625, 'pg': -0.009898131713271141, 'kl': 0.037838540971279144, 'kl_ema': 0.046021734825025466, 'kl_beta': 0.23004240255082317, 'grad_norm': 0.7647184729576111}
{'step': 935, 'reward': 0.1015625, 'group_hit': 0.78125, 'pg': -0.00505390390753746, 'kl': 0.03500194102525711, 'kl_ema': 0.039889074225878354, 'kl_beta': 0.23205245400409216, 'grad_norm': 0.5238295197486877}
{'step': 940, 'reward': 0.099609375, 'group_hit': 0.71875, 'pg': -0.011692056432366371, 'kl': 0.032054316252470016, 'kl_ema': 0.038979240271034894, 'kl_beta': 0.230917809420239, 'grad_norm': 0.48908063769340515}
{'step': 945, 'reward': 0.111328125, 'group_hit': 0.71875, 'pg': 0.0008105309680104256, 'kl': 0.026224352419376373, 'kl_ema': 0.03905024910207234, 'kl_beta': 0.22968227484137074, 'grad_norm': 0.5705486536026001}
{'step': 950, 'reward': 0.134765625, 'group_hit': 0.9375, 'pg': -0.01304546557366848, 'kl': 0.028665684163570404, 'kl_ema': 0.03710518230970506, 'kl_beta': 0.22681805008631387, 'grad_norm': 0.6472768187522888}
{'step': 955, 'reward': 0.154296875, 'group_hit': 0.78125, 'pg': -0.023385241627693176, 'kl': 0.04790695011615753, 'kl_ema': 0.03972411383938008, 'kl_beta': 0.22475753776714974, 'grad_norm': 0.7789266109466553}
{'step': 960, 'reward': 0.10546875, 'group_hit': 0.71875, 'pg': -0.019956715404987335, 'kl': 0.027790233492851257, 'kl_ema': 0.03864573336724361, 'kl_beta': 0.22266505209569212, 'grad_norm': 0.6019850373268127}
{'step': 965, 'reward': 0.134765625, 'group_hit': 0.875, 'pg': -0.015022322535514832, 'kl': 0.03993302583694458, 'kl_ema': 0.03936177690276587, 'kl_beta': 0.22163761098122134, 'grad_norm': 0.5351061820983887}
{'step': 970, 'reward': 0.1015625, 'group_hit': 0.75, 'pg': 0.0024897195398807526, 'kl': 0.04820482060313225, 'kl_ema': 0.04098102401275377, 'kl_beta': 0.22245263175052238, 'grad_norm': 0.7694734334945679}
{'step': 975, 'reward': 0.126953125, 'group_hit': 0.875, 'pg': -0.02068871259689331, 'kl': 0.056444451212882996, 'kl_ema': 0.04130986773379007, 'kl_beta': 0.22215046136723052, 'grad_norm': 0.6719315052032471}
{'step': 980, 'reward': 0.12109375, 'group_hit': 0.78125, 'pg': -0.01565995067358017, 'kl': 0.033011436462402344, 'kl_ema': 0.038104048973198856, 'kl_beta': 0.2204482125993249, 'grad_norm': 0.6219902038574219}
{'step': 985, 'reward': 0.109375, 'group_hit': 0.78125, 'pg': 0.0033086510375142097, 'kl': 0.05323806777596474, 'kl_ema': 0.03568933359166675, 'kl_beta': 0.2133764508841458, 'grad_norm': 0.7791550159454346}
{'step': 990, 'reward': 0.125, 'group_hit': 0.84375, 'pg': -0.012462128885090351, 'kl': 0.02587180584669113, 'kl_ema': 0.035939529811002666, 'kl_beta': 0.2079478778005145, 'grad_norm': 0.7499061822891235}
{'step': 995, 'reward': 0.146484375, 'group_hit': 0.84375, 'pg': -0.013804451562464237, 'kl': 0.03007362224161625, 'kl_ema': 0.03682403883311423, 'kl_beta': 0.20465037432084976, 'grad_norm': 0.7933311462402344}
{'step': 1000, 'reward': 0.091796875, 'group_hit': 0.78125, 'pg': 0.013043979182839394, 'kl': 0.03467263653874397, 'kl_ema': 0.034730016597171696, 'kl_beta': 0.19900442381992642, 'grad_norm': 0.5071617364883423}
after {'accuracy': 0.125, 'correct_probability': 0.11572345159947872} saved runs/grpo_adaptivekl_arithmetic_1000.json
