before {'accuracy': 0.044921875, 'correct_probability': 0.09788074158132076}
{'step': 1, 'reward': 0.138671875, 'group_hit': 0.875, 'pg': 0.004423690028488636, 'kl': 0.0, 'grad_norm': 0.623779296875}
{'step': 5, 'reward': 0.12890625, 'group_hit': 0.875, 'pg': 0.0010777860879898071, 'kl': 0.00031406295602209866, 'grad_norm': 0.7121177315711975}
{'step': 10, 'reward': 0.091796875, 'group_hit': 0.71875, 'pg': 0.01238609291613102, 'kl': 0.000991094741038978, 'grad_norm': 0.6720303893089294}
{'step': 15, 'reward': 0.095703125, 'group_hit': 0.75, 'pg': -0.006117699667811394, 'kl': 0.0025725150480866432, 'grad_norm': 0.43491125106811523}
{'step': 20, 'reward': 0.09765625, 'group_hit': 0.78125, 'pg': 0.004928279668092728, 'kl': 0.0021951135713607073, 'grad_norm': 0.4043410122394562}
{'step': 25, 'reward': 0.09765625, 'group_hit': 0.8125, 'pg': -0.013093879446387291, 'kl': 0.004911649972200394, 'grad_norm': 0.5718894004821777}
{'step': 30, 'reward': 0.080078125, 'group_hit': 0.78125, 'pg': 0.006424690596759319, 'kl': 0.007423609495162964, 'grad_norm': 0.5001143217086792}
{'step': 35, 'reward': 0.087890625, 'group_hit': 0.71875, 'pg': -0.010419012978672981, 'kl': 0.008279221132397652, 'grad_norm': 0.42298635840415955}
{'step': 40, 'reward': 0.109375, 'group_hit': 0.8125, 'pg': -0.001558787189424038, 'kl': 0.008366886526346207, 'grad_norm': 0.5022574067115784}
{'step': 45, 'reward': 0.083984375, 'group_hit': 0.65625, 'pg': -0.0013185562565922737, 'kl': 0.00896468199789524, 'grad_norm': 0.3579603433609009}
{'step': 50, 'reward': 0.107421875, 'group_hit': 0.875, 'pg': -0.002422918099910021, 'kl': 0.00949981901794672, 'grad_norm': 0.48133584856987}
{'step': 55, 'reward': 0.111328125, 'group_hit': 0.71875, 'pg': -0.007714030332863331, 'kl': 0.009128917008638382, 'grad_norm': 0.5821199417114258}
{'step': 60, 'reward': 0.111328125, 'group_hit': 0.8125, 'pg': 0.005907665938138962, 'kl': 0.011317693628370762, 'grad_norm': 0.5813442468643188}
{'step': 65, 'reward': 0.1171875, 'group_hit': 0.71875, 'pg': -0.013443412259221077, 'kl': 0.0090781319886446, 'grad_norm': 0.6046434044837952}
{'step': 70, 'reward': 0.103515625, 'group_hit': 0.8125, 'pg': -0.001689243596047163, 'kl': 0.015813011676073074, 'grad_norm': 0.41179776191711426}
{'step': 75, 'reward': 0.12109375, 'group_hit': 0.90625, 'pg': 0.007815752178430557, 'kl': 0.010958679020404816, 'grad_norm': 0.679615318775177}
{'step': 80, 'reward': 0.103515625, 'group_hit': 0.78125, 'pg': 0.005978232715278864, 'kl': 0.0112207205966115, 'grad_norm': 0.5054648518562317}
{'step': 85, 'reward': 0.099609375, 'group_hit': 0.75, 'pg': 0.011307982727885246, 'kl': 0.014820731244981289, 'grad_norm': 0.48230838775634766}
{'step': 90, 'reward': 0.115234375, 'group_hit': 0.84375, 'pg': -0.005266023799777031, 'kl': 0.014286638237535954, 'grad_norm': 0.5404743552207947}
{'step': 95, 'reward': 0.115234375, 'group_hit': 0.8125, 'pg': -0.0011824634857475758, 'kl': 0.017249170690774918, 'grad_norm': 0.5703840255737305}
{'step': 100, 'reward': 0.107421875, 'group_hit': 0.75, 'pg': 0.004934380762279034, 'kl': 0.016043780371546745, 'grad_norm': 0.4602818489074707}
{'step': 105, 'reward': 0.123046875, 'group_hit': 0.84375, 'pg': -0.0030967961065471172, 'kl': 0.01840125396847725, 'grad_norm': 0.5020894408226013}
{'step': 110, 'reward': 0.078125, 'group_hit': 0.78125, 'pg': 0.0022073155269026756, 'kl': 0.011247551999986172, 'grad_norm': 0.36729761958122253}
{'step': 115, 'reward': 0.11328125, 'group_hit': 0.75, 'pg': -0.004136800765991211, 'kl': 0.009883129969239235, 'grad_norm': 0.5768135190010071}
{'step': 120, 'reward': 0.134765625, 'group_hit': 0.9375, 'pg': -0.0038630403578281403, 'kl': 0.011138500645756721, 'grad_norm': 0.42235827445983887}
{'step': 125, 'reward': 0.083984375, 'group_hit': 0.6875, 'pg': 0.01607617177069187, 'kl': 0.02489730343222618, 'grad_norm': 0.5064820647239685}
{'step': 130, 'reward': 0.07421875, 'group_hit': 0.65625, 'pg': 0.008316847495734692, 'kl': 0.016232963651418686, 'grad_norm': 0.4586642384529114}
{'step': 135, 'reward': 0.119140625, 'group_hit': 0.8125, 'pg': -0.008609841577708721, 'kl': 0.009089190512895584, 'grad_norm': 0.47556766867637634}
{'step': 140, 'reward': 0.09765625, 'group_hit': 0.75, 'pg': 0.00791700929403305, 'kl': 0.017597898840904236, 'grad_norm': 0.5545116066932678}
{'step': 145, 'reward': 0.111328125, 'group_hit': 0.8125, 'pg': 0.0009869802743196487, 'kl': 0.010232428088784218, 'grad_norm': 0.49407538771629333}
{'step': 150, 'reward': 0.103515625, 'group_hit': 0.78125, 'pg': -0.00029073841869831085, 'kl': 0.017399750649929047, 'grad_norm': 0.484174519777298}
{'step': 155, 'reward': 0.09765625, 'group_hit': 0.6875, 'pg': -0.004646026995033026, 'kl': 0.016988035291433334, 'grad_norm': 0.4607265889644623}
{'step': 160, 'reward': 0.087890625, 'group_hit': 0.6875, 'pg': 0.010830972343683243, 'kl': 0.016052933409810066, 'grad_norm': 0.474372535943985}
{'step': 165, 'reward': 0.1015625, 'group_hit': 0.8125, 'pg': -0.010340817272663116, 'kl': 0.014857540838420391, 'grad_norm': 0.48914095759391785}
{'step': 170, 'reward': 0.115234375, 'group_hit': 0.78125, 'pg': 0.0055361296981573105, 'kl': 0.018751434981822968, 'grad_norm': 0.519453763961792}
{'step': 175, 'reward': 0.083984375, 'group_hit': 0.78125, 'pg': 0.009060564450919628, 'kl': 0.014405226334929466, 'grad_norm': 0.49260199069976807}
{'step': 180, 'reward': 0.107421875, 'group_hit': 0.8125, 'pg': -0.005510078743100166, 'kl': 0.03573071211576462, 'grad_norm': 0.4839794933795929}
{'step': 185, 'reward': 0.083984375, 'group_hit': 0.71875, 'pg': -0.003179296851158142, 'kl': 0.039361000061035156, 'grad_norm': 0.5206335186958313}
{'step': 190, 'reward': 0.111328125, 'group_hit': 0.75, 'pg': -0.011806398630142212, 'kl': 0.013626186177134514, 'grad_norm': 0.51192706823349}
{'step': 195, 'reward': 0.111328125, 'group_hit': 0.8125, 'pg': 0.0004883576184511185, 'kl': 0.015269211493432522, 'grad_norm': 0.47964102029800415}
{'step': 200, 'reward': 0.087890625, 'group_hit': 0.71875, 'pg': 0.005243498831987381, 'kl': 0.017653480172157288, 'grad_norm': 0.48178642988204956}
{'step': 205, 'reward': 0.12109375, 'group_hit': 0.8125, 'pg': -0.012084240093827248, 'kl': 0.01633809320628643, 'grad_norm': 0.5794780850410461}
{'step': 210, 'reward': 0.11328125, 'group_hit': 0.6875, 'pg': -0.004558682441711426, 'kl': 0.0322338342666626, 'grad_norm': 0.7716488242149353}
{'step': 215, 'reward': 0.1328125, 'group_hit': 0.90625, 'pg': -0.007864736020565033, 'kl': 0.01307927630841732, 'grad_norm': 0.5600031018257141}
{'step': 220, 'reward': 0.095703125, 'group_hit': 0.71875, 'pg': 0.004316065460443497, 'kl': 0.0150532778352499, 'grad_norm': 0.6077291965484619}
{'step': 225, 'reward': 0.095703125, 'group_hit': 0.75, 'pg': -0.010511286556720734, 'kl': 0.019066356122493744, 'grad_norm': 0.39483925700187683}
{'step': 230, 'reward': 0.115234375, 'group_hit': 0.84375, 'pg': -0.009210197255015373, 'kl': 0.013103384524583817, 'grad_norm': 0.6404511332511902}
{'step': 235, 'reward': 0.130859375, 'group_hit': 0.8125, 'pg': -0.003197344020009041, 'kl': 0.01874253898859024, 'grad_norm': 0.6102039217948914}
{'step': 240, 'reward': 0.103515625, 'group_hit': 0.71875, 'pg': -0.0012283530086278915, 'kl': 0.011627590283751488, 'grad_norm': 0.516130268573761}
{'step': 245, 'reward': 0.126953125, 'group_hit': 0.84375, 'pg': -0.006695489399135113, 'kl': 0.018639588728547096, 'grad_norm': 0.69622802734375}
{'step': 250, 'reward': 0.076171875, 'group_hit': 0.78125, 'pg': 0.0008233292028307915, 'kl': 0.020227983593940735, 'grad_norm': 0.45597970485687256}
{'step': 255, 'reward': 0.08984375, 'group_hit': 0.71875, 'pg': 0.007303107529878616, 'kl': 0.021231351420283318, 'grad_norm': 0.4004208445549011}
{'step': 260, 'reward': 0.083984375, 'group_hit': 0.78125, 'pg': 0.00810254830867052, 'kl': 0.018084336072206497, 'grad_norm': 0.44249728322029114}
{'step': 265, 'reward': 0.099609375, 'group_hit': 0.71875, 'pg': 0.0008542593568563461, 'kl': 0.035434842109680176, 'grad_norm': 0.6350675821304321}
{'step': 270, 'reward': 0.1171875, 'group_hit': 0.875, 'pg': -0.006129453890025616, 'kl': 0.02095182240009308, 'grad_norm': 0.582880973815918}
{'step': 275, 'reward': 0.109375, 'group_hit': 0.8125, 'pg': -0.007960639894008636, 'kl': 0.01534617505967617, 'grad_norm': 0.485592782497406}
{'step': 280, 'reward': 0.11328125, 'group_hit': 0.90625, 'pg': -0.0077025266364216805, 'kl': 0.015163048170506954, 'grad_norm': 0.5245677828788757}
{'step': 285, 'reward': 0.12109375, 'group_hit': 0.90625, 'pg': -0.0034399963915348053, 'kl': 0.0157986581325531, 'grad_norm': 0.4612242579460144}
{'step': 290, 'reward': 0.115234375, 'group_hit': 0.875, 'pg': 0.010084841400384903, 'kl': 0.038856640458106995, 'grad_norm': 0.4879501163959503}
{'step': 295, 'reward': 0.1171875, 'group_hit': 0.84375, 'pg': -0.005699878558516502, 'kl': 0.013524490408599377, 'grad_norm': 0.5010828971862793}
{'step': 300, 'reward': 0.12109375, 'group_hit': 0.8125, 'pg': -0.009119277819991112, 'kl': 0.011435010470449924, 'grad_norm': 0.5526149272918701}
{'step': 305, 'reward': 0.09765625, 'group_hit': 0.65625, 'pg': 0.005190094001591206, 'kl': 0.027908239513635635, 'grad_norm': 0.544540286064148}
{'step': 310, 'reward': 0.123046875, 'group_hit': 0.8125, 'pg': -0.013852950185537338, 'kl': 0.03257840871810913, 'grad_norm': 0.5249373316764832}
{'step': 315, 'reward': 0.10546875, 'group_hit': 0.78125, 'pg': 0.00047205109149217606, 'kl': 0.024506013840436935, 'grad_norm': 0.5262847542762756}
{'step': 320, 'reward': 0.125, 'group_hit': 0.71875, 'pg': -0.03287988528609276, 'kl': 0.03086407668888569, 'grad_norm': 0.577511191368103}
{'step': 325, 'reward': 0.09765625, 'group_hit': 0.8125, 'pg': -0.0013461727648973465, 'kl': 0.01453552208840847, 'grad_norm': 0.4259619116783142}
{'step': 330, 'reward': 0.087890625, 'group_hit': 0.65625, 'pg': -0.007967133074998856, 'kl': 0.025299720466136932, 'grad_norm': 0.48458024859428406}
{'step': 335, 'reward': 0.1015625, 'group_hit': 0.78125, 'pg': -0.0029078489169478416, 'kl': 0.028723280876874924, 'grad_norm': 0.6222521662712097}
{'step': 340, 'reward': 0.103515625, 'group_hit': 0.78125, 'pg': -0.01785602793097496, 'kl': 0.02355058491230011, 'grad_norm': 0.4493747055530548}
{'step': 345, 'reward': 0.107421875, 'group_hit': 0.8125, 'pg': -0.0027181673794984818, 'kl': 0.027227263897657394, 'grad_norm': 0.46415355801582336}
{'step': 350, 'reward': 0.09765625, 'group_hit': 0.6875, 'pg': -0.00798107497394085, 'kl': 0.017558379098773003, 'grad_norm': 0.5494663715362549}
{'step': 355, 'reward': 0.115234375, 'group_hit': 0.75, 'pg': -0.016583168879151344, 'kl': 0.02402515709400177, 'grad_norm': 0.71367347240448}
{'step': 360, 'reward': 0.10546875, 'group_hit': 0.8125, 'pg': -0.002276625484228134, 'kl': 0.02797318622469902, 'grad_norm': 0.6293094158172607}
{'step': 365, 'reward': 0.107421875, 'group_hit': 0.6875, 'pg': -0.004446575418114662, 'kl': 0.01953539438545704, 'grad_norm': 0.5000077486038208}
{'step': 370, 'reward': 0.08984375, 'group_hit': 0.78125, 'pg': -0.021103354170918465, 'kl': 0.028804870322346687, 'grad_norm': 0.5296412110328674}
{'step': 375, 'reward': 0.111328125, 'group_hit': 0.84375, 'pg': 0.0014179940335452557, 'kl': 0.021570157259702682, 'grad_norm': 0.47307783365249634}
{'step': 380, 'reward': 0.09765625, 'group_hit': 0.78125, 'pg': -0.007586192339658737, 'kl': 0.02237103506922722, 'grad_norm': 0.5132765769958496}
{'step': 385, 'reward': 0.099609375, 'group_hit': 0.84375, 'pg': -0.0070109618827700615, 'kl': 0.02566836029291153, 'grad_norm': 0.5513648390769958}
{'step': 390, 'reward': 0.083984375, 'group_hit': 0.71875, 'pg': -0.00458112359046936, 'kl': 0.022263173013925552, 'grad_norm': 0.4322865307331085}
{'step': 395, 'reward': 0.091796875, 'group_hit': 0.625, 'pg': -0.014613863080739975, 'kl': 0.01543221715837717, 'grad_norm': 0.649966835975647}
{'step': 400, 'reward': 0.111328125, 'group_hit': 0.875, 'pg': -0.016436748206615448, 'kl': 0.032937824726104736, 'grad_norm': 0.6541858911514282}
{'step': 405, 'reward': 0.119140625, 'group_hit': 0.84375, 'pg': -0.016437994316220284, 'kl': 0.03749772533774376, 'grad_norm': 0.7516999840736389}
{'step': 410, 'reward': 0.1328125, 'group_hit': 0.84375, 'pg': -0.012482482008635998, 'kl': 0.043379511684179306, 'grad_norm': 0.6232784390449524}
{'step': 415, 'reward': 0.099609375, 'group_hit': 0.6875, 'pg': -0.026659660041332245, 'kl': 0.026844937354326248, 'grad_norm': 0.47602471709251404}
{'step': 420, 'reward': 0.1015625, 'group_hit': 0.78125, 'pg': -0.001185363158583641, 'kl': 0.047700121998786926, 'grad_norm': 0.5658010840415955}
{'step': 425, 'reward': 0.11328125, 'group_hit': 0.78125, 'pg': -5.371496081352234e-05, 'kl': 0.028365427628159523, 'grad_norm': 0.46670687198638916}
{'step': 430, 'reward': 0.130859375, 'group_hit': 0.9375, 'pg': -0.008861321024596691, 'kl': 0.022189851850271225, 'grad_norm': 0.6541783213615417}
{'step': 435, 'reward': 0.123046875, 'group_hit': 0.90625, 'pg': -0.002776138484477997, 'kl': 0.03371979296207428, 'grad_norm': 0.5411284565925598}
{'step': 440, 'reward': 0.111328125, 'group_hit': 0.84375, 'pg': -0.0005248989909887314, 'kl': 0.02828478254377842, 'grad_norm': 0.6241950392723083}
{'step': 445, 'reward': 0.123046875, 'group_hit': 0.78125, 'pg': -0.01886625960469246, 'kl': 0.03925001621246338, 'grad_norm': 0.6449112892150879}
{'step': 450, 'reward': 0.11328125, 'group_hit': 0.8125, 'pg': -0.006574720144271851, 'kl': 0.05352836847305298, 'grad_norm': 0.6903935074806213}
{'step': 455, 'reward': 0.123046875, 'group_hit': 0.8125, 'pg': -0.014299486763775349, 'kl': 0.02688317559659481, 'grad_norm': 0.5776544809341431}
{'step': 460, 'reward': 0.126953125, 'group_hit': 0.8125, 'pg': -0.011660100892186165, 'kl': 0.028734412044286728, 'grad_norm': 0.6484401822090149}
{'step': 465, 'reward': 0.091796875, 'group_hit': 0.6875, 'pg': -0.00440217973664403, 'kl': 0.019330181181430817, 'grad_norm': 0.4271334707736969}
{'step': 470, 'reward': 0.11328125, 'group_hit': 0.875, 'pg': -0.012239919044077396, 'kl': 0.027375200763344765, 'grad_norm': 0.4894183576107025}
{'step': 475, 'reward': 0.12109375, 'group_hit': 0.84375, 'pg': -0.02430446818470955, 'kl': 0.04184442758560181, 'grad_norm': 0.6618576645851135}
{'step': 480, 'reward': 0.125, 'group_hit': 0.84375, 'pg': -0.021274350583553314, 'kl': 0.023971524089574814, 'grad_norm': 0.8408746719360352}
{'step': 485, 'reward': 0.107421875, 'group_hit': 0.875, 'pg': -0.009433623403310776, 'kl': 0.027904603630304337, 'grad_norm': 0.5230022072792053}
{'step': 490, 'reward': 0.11328125, 'group_hit': 0.6875, 'pg': -0.005001954734325409, 'kl': 0.04205853492021561, 'grad_norm': 0.5004560351371765}
{'step': 495, 'reward': 0.126953125, 'group_hit': 0.8125, 'pg': -0.027209706604480743, 'kl': 0.030194170773029327, 'grad_norm': 0.5393067598342896}
{'step': 500, 'reward': 0.1015625, 'group_hit': 0.8125, 'pg': -0.006916829850524664, 'kl': 0.036846134811639786, 'grad_norm': 0.5850092172622681}
{'step': 505, 'reward': 0.1328125, 'group_hit': 0.84375, 'pg': -0.009878721088171005, 'kl': 0.03166268393397331, 'grad_norm': 0.5087686777114868}
{'step': 510, 'reward': 0.1171875, 'group_hit': 0.84375, 'pg': -0.0059236325323581696, 'kl': 0.025701934471726418, 'grad_norm': 0.508616030216217}
{'step': 515, 'reward': 0.123046875, 'group_hit': 0.90625, 'pg': -0.012978680431842804, 'kl': 0.04518304020166397, 'grad_norm': 0.5890962481498718}
{'step': 520, 'reward': 0.12109375, 'group_hit': 0.90625, 'pg': -0.005727570503950119, 'kl': 0.026232674717903137, 'grad_norm': 0.5248169898986816}
{'step': 525, 'reward': 0.125, 'group_hit': 0.90625, 'pg': -0.0013708565384149551, 'kl': 0.04403795301914215, 'grad_norm': 0.7066382169723511}
{'step': 530, 'reward': 0.126953125, 'group_hit': 0.90625, 'pg': -0.01072695478796959, 'kl': 0.05232904851436615, 'grad_norm': 0.6582370400428772}
{'step': 535, 'reward': 0.138671875, 'group_hit': 0.78125, 'pg': -0.02541428804397583, 'kl': 0.027828697115182877, 'grad_norm': 0.8626230955123901}
{'step': 540, 'reward': 0.1015625, 'group_hit': 0.71875, 'pg': -0.014770334586501122, 'kl': 0.05420934781432152, 'grad_norm': 0.5882397890090942}
{'step': 545, 'reward': 0.1171875, 'group_hit': 0.78125, 'pg': -0.01022845134139061, 'kl': 0.06241915374994278, 'grad_norm': 0.6365782022476196}
{'step': 550, 'reward': 0.123046875, 'group_hit': 0.90625, 'pg': -0.018361561000347137, 'kl': 0.030447157099843025, 'grad_norm': 0.5969410538673401}
{'step': 555, 'reward': 0.123046875, 'group_hit': 0.75, 'pg': -0.004429798573255539, 'kl': 0.0347602441906929, 'grad_norm': 0.9381664991378784}
{'step': 560, 'reward': 0.103515625, 'group_hit': 0.71875, 'pg': -0.005346634425222874, 'kl': 0.04209347814321518, 'grad_norm': 0.5624136924743652}
{'step': 565, 'reward': 0.125, 'group_hit': 0.8125, 'pg': -0.011731388047337532, 'kl': 0.0305861234664917, 'grad_norm': 0.654967725276947}
{'step': 570, 'reward': 0.11328125, 'group_hit': 0.8125, 'pg': -0.004888466559350491, 'kl': 0.0588056817650795, 'grad_norm': 0.5678086876869202}
{'step': 575, 'reward': 0.123046875, 'group_hit': 0.75, 'pg': -0.019633980467915535, 'kl': 0.031734250485897064, 'grad_norm': 0.7096001505851746}
{'step': 580, 'reward': 0.107421875, 'group_hit': 0.78125, 'pg': -0.007395466789603233, 'kl': 0.050824426114559174, 'grad_norm': 0.6056103706359863}
{'step': 585, 'reward': 0.109375, 'group_hit': 0.75, 'pg': -0.010278057307004929, 'kl': 0.024972504004836082, 'grad_norm': 0.5613881945610046}
{'step': 590, 'reward': 0.134765625, 'group_hit': 0.875, 'pg': -0.01157746184617281, 'kl': 0.042397573590278625, 'grad_norm': 0.6757249236106873}
{'step': 595, 'reward': 0.111328125, 'group_hit': 0.75, 'pg': -0.02448459342122078, 'kl': 0.04692012071609497, 'grad_norm': 0.5577521324157715}
{'step': 600, 'reward': 0.130859375, 'group_hit': 0.875, 'pg': -0.007282828912138939, 'kl': 0.03831586614251137, 'grad_norm': 0.6997354626655579}
{'step': 605, 'reward': 0.15234375, 'group_hit': 0.90625, 'pg': -0.02454230561852455, 'kl': 0.04712416231632233, 'grad_norm': 0.6616201400756836}
{'step': 610, 'reward': 0.12109375, 'group_hit': 0.78125, 'pg': -0.013302728533744812, 'kl': 0.04736920818686485, 'grad_norm': 0.6175986528396606}
{'step': 615, 'reward': 0.123046875, 'group_hit': 0.75, 'pg': -0.007768033072352409, 'kl': 0.07059601694345474, 'grad_norm': 0.7424425482749939}
{'step': 620, 'reward': 0.15234375, 'group_hit': 0.90625, 'pg': -0.015332808718085289, 'kl': 0.04863302409648895, 'grad_norm': 0.6032428741455078}
{'step': 625, 'reward': 0.111328125, 'group_hit': 0.71875, 'pg': -0.006152261979877949, 'kl': 0.031242650002241135, 'grad_norm': 0.6764041185379028}
{'step': 630, 'reward': 0.09765625, 'group_hit': 0.71875, 'pg': -0.008352097123861313, 'kl': 0.034902505576610565, 'grad_norm': 0.5457667112350464}
{'step': 635, 'reward': 0.13671875, 'group_hit': 0.78125, 'pg': -0.008473947644233704, 'kl': 0.050123609602451324, 'grad_norm': 0.6454333662986755}
{'step': 640, 'reward': 0.14453125, 'group_hit': 0.9375, 'pg': -0.02050035074353218, 'kl': 0.03811568021774292, 'grad_norm': 0.667573094367981}
{'step': 645, 'reward': 0.134765625, 'group_hit': 0.875, 'pg': -0.012872736901044846, 'kl': 0.025997312739491463, 'grad_norm': 0.752328097820282}
{'step': 650, 'reward': 0.119140625, 'group_hit': 0.875, 'pg': -0.01978679932653904, 'kl': 0.062396809458732605, 'grad_norm': 0.6006499528884888}
{'step': 655, 'reward': 0.1171875, 'group_hit': 0.8125, 'pg': -0.013628073036670685, 'kl': 0.045917291194200516, 'grad_norm': 0.5648594498634338}
{'step': 660, 'reward': 0.130859375, 'group_hit': 0.9375, 'pg': -0.009898648597300053, 'kl': 0.033398039638996124, 'grad_norm': 0.6287733316421509}
{'step': 665, 'reward': 0.0859375, 'group_hit': 0.6875, 'pg': 0.0002172384411096573, 'kl': 0.06249092519283295, 'grad_norm': 0.5062902569770813}
{'step': 670, 'reward': 0.1015625, 'group_hit': 0.90625, 'pg': -0.006789622828364372, 'kl': 0.03625515103340149, 'grad_norm': 0.4426786005496979}
{'step': 675, 'reward': 0.107421875, 'group_hit': 0.78125, 'pg': -0.014669191092252731, 'kl': 0.039714448153972626, 'grad_norm': 0.4622902274131775}
{'step': 680, 'reward': 0.109375, 'group_hit': 0.8125, 'pg': -0.0071578249335289, 'kl': 0.08155666291713715, 'grad_norm': 0.7700714468955994}
{'step': 685, 'reward': 0.140625, 'group_hit': 0.84375, 'pg': -0.024502024054527283, 'kl': 0.09279007464647293, 'grad_norm': 0.7588826417922974}
{'step': 690, 'reward': 0.123046875, 'group_hit': 0.8125, 'pg': -0.009471752680838108, 'kl': 0.04579516500234604, 'grad_norm': 0.6001347303390503}
{'step': 695, 'reward': 0.09375, 'group_hit': 0.78125, 'pg': -0.004025166854262352, 'kl': 0.0786823183298111, 'grad_norm': 0.6146678924560547}
{'step': 700, 'reward': 0.111328125, 'group_hit': 0.78125, 'pg': -0.012889567762613297, 'kl': 0.04950111731886864, 'grad_norm': 0.6225152015686035}
{'step': 705, 'reward': 0.125, 'group_hit': 0.78125, 'pg': -0.015145082026720047, 'kl': 0.037239208817481995, 'grad_norm': 0.6440153121948242}
{'step': 710, 'reward': 0.1015625, 'group_hit': 0.8125, 'pg': -0.013761961832642555, 'kl': 0.04994875192642212, 'grad_norm': 0.4573790729045868}
{'step': 715, 'reward': 0.15234375, 'group_hit': 0.875, 'pg': -0.03262585029006004, 'kl': 0.04225093498826027, 'grad_norm': 1.1390430927276611}
{'step': 720, 'reward': 0.138671875, 'group_hit': 0.75, 'pg': -0.029657891020178795, 'kl': 0.10975584387779236, 'grad_norm': 0.7444834113121033}
{'step': 725, 'reward': 0.123046875, 'group_hit': 0.8125, 'pg': -0.0022315550595521927, 'kl': 0.05089570954442024, 'grad_norm': 0.6724905967712402}
{'step': 730, 'reward': 0.115234375, 'group_hit': 0.75, 'pg': -0.01983845978975296, 'kl': 0.0427921861410141, 'grad_norm': 0.590268075466156}
{'step': 735, 'reward': 0.087890625, 'group_hit': 0.6875, 'pg': -0.0030237138271331787, 'kl': 0.04277636855840683, 'grad_norm': 0.6074188947677612}
{'step': 740, 'reward': 0.1015625, 'group_hit': 0.6875, 'pg': 0.0018180757761001587, 'kl': 0.06698089838027954, 'grad_norm': 0.7550831437110901}
{'step': 745, 'reward': 0.123046875, 'group_hit': 0.84375, 'pg': -0.012692863121628761, 'kl': 0.053687743842601776, 'grad_norm': 0.545581579208374}
{'step': 750, 'reward': 0.115234375, 'group_hit': 0.8125, 'pg': -0.012832405976951122, 'kl': 0.061300672590732574, 'grad_norm': 0.5272845029830933}
{'step': 755, 'reward': 0.12890625, 'group_hit': 0.875, 'pg': -0.00859176367521286, 'kl': 0.060975074768066406, 'grad_norm': 0.48992636799812317}
{'step': 760, 'reward': 0.119140625, 'group_hit': 0.8125, 'pg': -0.008482156321406364, 'kl': 0.03786194324493408, 'grad_norm': 0.5627148151397705}
{'step': 765, 'reward': 0.080078125, 'group_hit': 0.75, 'pg': -0.007144643925130367, 'kl': 0.04898872971534729, 'grad_norm': 0.4337522089481354}
{'step': 770, 'reward': 0.08203125, 'group_hit': 0.59375, 'pg': -0.0067114750854671, 'kl': 0.041265495121479034, 'grad_norm': 0.4488169252872467}
{'step': 775, 'reward': 0.111328125, 'group_hit': 0.8125, 'pg': -0.007439835462719202, 'kl': 0.031223252415657043, 'grad_norm': 0.5844918489456177}
{'step': 780, 'reward': 0.119140625, 'group_hit': 0.90625, 'pg': 0.0006268555298447609, 'kl': 0.07547895610332489, 'grad_norm': 0.6486242413520813}
{'step': 785, 'reward': 0.125, 'group_hit': 0.8125, 'pg': 0.006921221036463976, 'kl': 0.07804691791534424, 'grad_norm': 0.6856977343559265}
{'step': 790, 'reward': 0.099609375, 'group_hit': 0.71875, 'pg': -0.013083858415484428, 'kl': 0.04857747256755829, 'grad_norm': 0.42442989349365234}
{'step': 795, 'reward': 0.1171875, 'group_hit': 0.8125, 'pg': -0.010669379495084286, 'kl': 0.04762750864028931, 'grad_norm': 0.6458881497383118}
{'step': 800, 'reward': 0.123046875, 'group_hit': 0.8125, 'pg': -0.004943026229739189, 'kl': 0.034224145114421844, 'grad_norm': 0.7475593090057373}
{'step': 805, 'reward': 0.1328125, 'group_hit': 0.875, 'pg': -0.025451648980379105, 'kl': 0.04997583106160164, 'grad_norm': 0.6724347472190857}
{'step': 810, 'reward': 0.150390625, 'group_hit': 0.84375, 'pg': -0.015364655293524265, 'kl': 0.05798855796456337, 'grad_norm': 0.6816812753677368}
{'step': 815, 'reward': 0.126953125, 'group_hit': 0.78125, 'pg': -0.018672844395041466, 'kl': 0.06626856327056885, 'grad_norm': 0.5916041135787964}
{'step': 820, 'reward': 0.095703125, 'group_hit': 0.6875, 'pg': -0.01379298698157072, 'kl': 0.052376504987478256, 'grad_norm': 0.5518715381622314}
{'step': 825, 'reward': 0.14453125, 'group_hit': 0.75, 'pg': -0.03491804748773575, 'kl': 0.1585364043712616, 'grad_norm': 0.8890681862831116}
{'step': 830, 'reward': 0.1171875, 'group_hit': 0.90625, 'pg': -0.009457945823669434, 'kl': 0.049268536269664764, 'grad_norm': 0.5578606724739075}
{'step': 835, 'reward': 0.1328125, 'group_hit': 0.875, 'pg': -0.017131520435214043, 'kl': 0.07451122254133224, 'grad_norm': 0.8133413791656494}
{'step': 840, 'reward': 0.130859375, 'group_hit': 0.8125, 'pg': -0.01743139885365963, 'kl': 0.05217863619327545, 'grad_norm': 0.6180979609489441}
{'step': 845, 'reward': 0.1171875, 'group_hit': 0.9375, 'pg': -0.010050760582089424, 'kl': 0.04486577957868576, 'grad_norm': 0.6555031538009644}
{'step': 850, 'reward': 0.107421875, 'group_hit': 0.75, 'pg': -0.015870174393057823, 'kl': 0.061692506074905396, 'grad_norm': 0.5770691633224487}
{'step': 855, 'reward': 0.140625, 'group_hit': 0.8125, 'pg': -0.019816897809505463, 'kl': 0.06413556635379791, 'grad_norm': 0.6895654797554016}
{'step': 860, 'reward': 0.130859375, 'group_hit': 0.78125, 'pg': -0.01559227705001831, 'kl': 0.05283907800912857, 'grad_norm': 0.5141361951828003}
{'step': 865, 'reward': 0.103515625, 'group_hit': 0.75, 'pg': -0.003952013328671455, 'kl': 0.08538740128278732, 'grad_norm': 0.7288101315498352}
{'step': 870, 'reward': 0.10546875, 'group_hit': 0.6875, 'pg': -0.002348051406443119, 'kl': 0.06123562157154083, 'grad_norm': 0.46850714087486267}
{'step': 875, 'reward': 0.11328125, 'group_hit': 0.75, 'pg': -0.007008255925029516, 'kl': 0.036422573029994965, 'grad_norm': 0.619556725025177}
{'step': 880, 'reward': 0.140625, 'group_hit': 0.875, 'pg': -0.032740671187639236, 'kl': 0.05609845742583275, 'grad_norm': 0.6963997483253479}
{'step': 885, 'reward': 0.12890625, 'group_hit': 0.875, 'pg': -0.018640901893377304, 'kl': 0.09778174757957458, 'grad_norm': 0.9722232222557068}
{'step': 890, 'reward': 0.109375, 'group_hit': 0.90625, 'pg': 0.004099391400814056, 'kl': 0.05061059445142746, 'grad_norm': 0.4922693371772766}
{'step': 895, 'reward': 0.109375, 'group_hit': 0.75, 'pg': -0.0075948527082800865, 'kl': 0.06489601731300354, 'grad_norm': 0.8102033734321594}
{'step': 900, 'reward': 0.119140625, 'group_hit': 0.75, 'pg': -0.011588669382035732, 'kl': 0.07603150606155396, 'grad_norm': 0.5876017212867737}
{'step': 905, 'reward': 0.134765625, 'group_hit': 0.90625, 'pg': -0.02148512750864029, 'kl': 0.04885251820087433, 'grad_norm': 0.6517651081085205}
{'step': 910, 'reward': 0.1328125, 'group_hit': 0.8125, 'pg': -0.014699982479214668, 'kl': 0.06748809665441513, 'grad_norm': 0.6609634757041931}
{'step': 915, 'reward': 0.12890625, 'group_hit': 0.84375, 'pg': -0.026191825047135353, 'kl': 0.07832774519920349, 'grad_norm': 0.6995336413383484}
{'step': 920, 'reward': 0.11328125, 'group_hit': 0.71875, 'pg': -0.02504134364426136, 'kl': 0.09400533139705658, 'grad_norm': 0.5936959385871887}
{'step': 925, 'reward': 0.142578125, 'group_hit': 0.78125, 'pg': -0.01268794760107994, 'kl': 0.07112719118595123, 'grad_norm': 0.7759346961975098}
{'step': 930, 'reward': 0.115234375, 'group_hit': 0.75, 'pg': -0.01922067627310753, 'kl': 0.06667400151491165, 'grad_norm': 0.6818251013755798}
{'step': 935, 'reward': 0.09375, 'group_hit': 0.78125, 'pg': -0.007862106896936893, 'kl': 0.05676160380244255, 'grad_norm': 0.5456578135490417}
{'step': 940, 'reward': 0.099609375, 'group_hit': 0.75, 'pg': -0.012685485184192657, 'kl': 0.06651140749454498, 'grad_norm': 0.5284913778305054}
{'step': 945, 'reward': 0.1171875, 'group_hit': 0.78125, 'pg': -0.002365121617913246, 'kl': 0.049160186201334, 'grad_norm': 0.6202048659324646}
{'step': 950, 'reward': 0.1484375, 'group_hit': 0.9375, 'pg': -0.019993340596556664, 'kl': 0.05082070827484131, 'grad_norm': 0.7588928937911987}
{'step': 955, 'reward': 0.169921875, 'group_hit': 0.8125, 'pg': -0.029072143137454987, 'kl': 0.09183906018733978, 'grad_norm': 0.9586747884750366}
{'step': 960, 'reward': 0.103515625, 'group_hit': 0.71875, 'pg': -0.020615532994270325, 'kl': 0.05354076623916626, 'grad_norm': 0.6516769528388977}
{'step': 965, 'reward': 0.138671875, 'group_hit': 0.875, 'pg': -0.02904711849987507, 'kl': 0.07664000988006592, 'grad_norm': 0.6896446347236633}
{'step': 970, 'reward': 0.109375, 'group_hit': 0.8125, 'pg': -0.0013341526500880718, 'kl': 0.09363102912902832, 'grad_norm': 0.9024996161460876}
{'step': 975, 'reward': 0.1328125, 'group_hit': 0.84375, 'pg': -0.033145226538181305, 'kl': 0.1153016909956932, 'grad_norm': 0.6388264298439026}
{'step': 980, 'reward': 0.126953125, 'group_hit': 0.78125, 'pg': -0.02553822100162506, 'kl': 0.07625038176774979, 'grad_norm': 0.7308396697044373}
{'step': 985, 'reward': 0.1171875, 'group_hit': 0.75, 'pg': -0.006197770591825247, 'kl': 0.08960118144750595, 'grad_norm': 0.8920463919639587}
{'step': 990, 'reward': 0.134765625, 'group_hit': 0.84375, 'pg': -0.021032223477959633, 'kl': 0.05659080669283867, 'grad_norm': 0.8394572138786316}
{'step': 995, 'reward': 0.16015625, 'group_hit': 0.8125, 'pg': -0.027964798733592033, 'kl': 0.06296540796756744, 'grad_norm': 0.9048789143562317}
{'step': 1000, 'reward': 0.099609375, 'group_hit': 0.78125, 'pg': 0.007685988210141659, 'kl': 0.08223386108875275, 'grad_norm': 0.6228892803192139}
after {'accuracy': 0.150390625, 'correct_probability': 0.12222430389374495} saved runs/grpo_lowkl_arithmetic_1000.json
